// Jest Snapshot v1, https://goo.gl/fbAQLP

exports[`TestAnalysis should render correctly 1`] = `
<nav class="MuiTypography-root MuiBreadcrumbs-root MuiTypography-body1 MuiTypography-colorTextSecondary"
     aria-label="breadcrumb"
>
  <ol class="MuiBreadcrumbs-ol">
    <li class="MuiBreadcrumbs-li">
      <a href="/release/4.8">
        Overview
      </a>
    </li>
    <li aria-hidden="true"
        class="MuiBreadcrumbs-separator"
    >
      /
    </li>
    <li class="MuiBreadcrumbs-li">
      <a href="/tests/4.8">
        Tests
      </a>
    </li>
    <li aria-hidden="true"
        class="MuiBreadcrumbs-separator"
    >
      /
    </li>
    <li class="MuiBreadcrumbs-li">
      <p class="MuiTypography-root MuiTypography-body1">
        Test Analysis
      </p>
    </li>
  </ol>
</nav>
<div class="MuiContainer-root MuiContainer-maxWidthLg">
  <h3 class="MuiTypography-root MuiTypography-h3"
      style="text-align: center;"
  >
    Test Analysis
  </h3>
  <hr class="MuiDivider-root"
      style="margin: 20px;"
  >
  <div class="MuiGrid-root MuiGrid-container MuiGrid-spacing-xs-3">
    <div class="MuiGrid-root MuiGrid-item MuiGrid-grid-md-4">
      <div class="MuiPaper-root MuiCard-root hidden="
           true"
           title="Linked bugs are bugs that mention the failing test name
and are targeted or found in the release being reported on."
      >
        <path d="M12 2C6.48 2 2 6.48 2 12s4.48 10 10 10 10-4.48 10-10S17.52 2 12 2zm1 15h-2v-6h2v6zm0-8h-2V7h2v2z">
        </path>
        <p>
        </p>
        <div class="MuiPaper-root MuiTableContainer-root MuiPaper-elevation1 MuiPaper-rounded"
             style="margin-top: 20px;"
        >
          <table class="MuiTable-root"
                 aria-label="bug-table"
          >
            <thead class="MuiTableHead-root">
              <tr class="MuiTableRow-root MuiTableRow-head">
                <th class="MuiTableCell-root MuiTableCell-head MuiTableCell-sizeSmall"
                    scope="col"
                >
                  Bug ID
                </th>
                <th class="MuiTableCell-root MuiTableCell-head MuiTableCell-sizeSmall"
                    scope="col"
                >
                  Summary
                </th>
                <th class="MuiTableCell-root MuiTableCell-head MuiTableCell-sizeSmall"
                    scope="col"
                >
                  Status
                </th>
                <th class="MuiTableCell-root MuiTableCell-head MuiTableCell-sizeSmall"
                    scope="col"
                >
                  Component
                </th>
                <th class="MuiTableCell-root MuiTableCell-head MuiTableCell-sizeSmall"
                    scope="col"
                >
                  Found In
                </th>
                <th class="MuiTableCell-root MuiTableCell-head MuiTableCell-sizeSmall"
                    scope="col"
                >
                  Target Release
                </th>
              </tr>
            </thead>
            <tbody class="MuiTableBody-root">
              <tr class="MuiTableRow-root">
                <td class="MuiTableCell-root MuiTableCell-body MuiTableCell-sizeSmall"
                    scope="row"
                >
                  <a href="https://bugzilla.redhat.com/show_bug.cgi?id=1921157">
                    1921157
                  </a>
                </td>
                <td class="MuiTableCell-root MuiTableCell-body MuiTableCell-sizeSmall">
                  [sig-api-machinery] Kubernetes APIs remain available for new connections
                </td>
                <td class="MuiTableCell-root MuiTableCell-body MuiTableCell-sizeSmall">
                  ASSIGNED
                </td>
                <td class="MuiTableCell-root MuiTableCell-body MuiTableCell-sizeSmall">
                  Node
                </td>
                <td class="MuiTableCell-root MuiTableCell-body MuiTableCell-sizeSmall">
                </td>
                <td class="MuiTableCell-root MuiTableCell-body MuiTableCell-sizeSmall">
                  4.8.0
                </td>
              </tr>
            </tbody>
          </table>
        </div>
      </div>
    </div>
    <div class="MuiGrid-root MuiGrid-item MuiGrid-grid-md-12">
      <div class="MuiPaper-root MuiCard-root test-failure-card MuiPaper-elevation5 MuiPaper-rounded"
           style="height: 100%;"
      >
        <p class="MuiTypography-root MuiTypography-body1">
          Associated bugs
          <svg class="MuiSvgIcon-root"
               focusable="false"
               viewbox="0 0 24 24"
               aria-hidden="true"
               title="Associated bugs are bugs that mention the failing test
name but are not targeted or found in the release being reported on."
          >
            <path d="M12 2C6.48 2 2 6.48 2 12s4.48 10 10 10 10-4.48 10-10S17.52 2 12 2zm1 15h-2v-6h2v6zm0-8h-2V7h2v2z">
            </path>
          </svg>
        </p>
        <p class="MuiTypography-root MuiTypography-body1">
          None found
        </p>
      </div>
    </div>
  </div>
</div>
`;
