// Jest Snapshot v1, https://goo.gl/fbAQLP

exports[`JobAnalysis should render correctly 1`] = `
<nav class="MuiTypography-root MuiBreadcrumbs-root MuiTypography-body1 MuiTypography-colorTextSecondary"
     aria-label="breadcrumb"
>
  <ol class="MuiBreadcrumbs-ol">
    <li class="MuiBreadcrumbs-li">
      <a href="/release/4.8">
        Overview
      </a>
    </li>
    <li aria-hidden="true"
        class="MuiBreadcrumbs-separator"
    >
      /
    </li>
    <li class="MuiBreadcrumbs-li">
      <a href="/jobs/4.8">
        Jobs
      </a>
    </li>
    <li aria-hidden="true"
        class="MuiBreadcrumbs-separator"
    >
      /
    </li>
    <li class="MuiBreadcrumbs-li">
      <p class="MuiTypography-root MuiTypography-body1">
        Job Analysis
      </p>
    </li>
  </ol>
</nav>
<div class="MuiContainer-root MuiContainer-maxWidthLg">
  <h3 class="MuiTypography-root MuiTypography-h3"
      style="text-align: center;"
  >
    Job Analysis
  </h3>
  <hr class="MuiDivider-root"
      style="margin: 20px;"
  >
  <div class="MuiGrid-root MuiGrid-container MuiGrid-spacing-xs-3">
    <div class="MuiGrid-root MuiGrid-item MuiGrid-grid-md-4">
      <div class="MuiPaper-root MuiCard-root root">
      </div>
    </div>
  </div>
</div>
`;
