// Jest Snapshot v1, https://goo.gl/fbAQLP

exports[`JobRunsTable should render correctly 1`] = `
"
<br>
<br>
<div>
  <span class=\\"legend-item\\">
    <span class=\\"results results-demo\\">
      <span class=\\"result result-S\\">
        S
      </span>
    </span>
    success
  </span>
  <span class=\\"legend-item\\">
    <span class=\\"results results-demo\\">
      <span class=\\"result result-F\\">
        F
      </span>
    </span>
    failure (e2e)
  </span>
  <span class=\\"legend-item\\">
    <span class=\\"results results-demo\\">
      <span class=\\"result result-f\\">
        f
      </span>
    </span>
    failure (other tests)
  </span>
  <span class=\\"legend-item\\">
    <span class=\\"results results-demo\\">
      <span class=\\"result result-U\\">
        U
      </span>
    </span>
    upgrade failure
  </span>
  <span class=\\"legend-item\\">
    <span class=\\"results results-demo\\">
      <span class=\\"result result-I\\">
        I
      </span>
    </span>
    setup failure (installer)
  </span>
  <span class=\\"legend-item\\">
    <span class=\\"results results-demo\\">
      <span class=\\"result result-N\\">
        N
      </span>
    </span>
    setup failure (infra)
  </span>
  <span class=\\"legend-item\\">
    <span class=\\"results results-demo\\">
      <span class=\\"result result-n\\">
        n
      </span>
    </span>
    failure before setup (infra)
  </span>
  <span class=\\"legend-item\\">
    <span class=\\"results results-demo\\">
      <span class=\\"result result-R\\">
        R
      </span>
    </span>
    running
  </span>
</div>
<div class=\\"MuiContainer-root MuiContainer-maxWidthLg\\"
     style=\\"margin-top: 20px;\\"
>
  <div class=\\"MuiDataGrid-root MuiDataGrid-root MuiDataGrid-autoHeight\\"
       role=\\"grid\\"
       aria-colcount=\\"5\\"
       aria-rowcount=\\"5788\\"
       aria-multiselectable=\\"false\\"
  >
    <div>
      <div>
        <div class=\\"root\\">
        </div>
      </div>
    </div>
  </div>
</div>
)
"
`;
