// Jest Snapshot v1, https://goo.gl/fbAQLP

exports[`Variants should render correctly 1`] = `
<div class="MuiPaper-root MuiTableContainer-root MuiPaper-elevation1 MuiPaper-rounded">
  <table class="MuiTable-root"
         aria-label="collapsible table"
  >
    <thead class="MuiTableHead-root">
      <tr class="MuiTableRow-root MuiTableRow-head">
        <th class="MuiTableCell-root MuiTableCell-head"
            scope="col"
        >
        </th>
        <th class="MuiTableCell-root MuiTableCell-head"
            scope="col"
        >
          Variant
        </th>
        <th class="MuiTableCell-root MuiTableCell-head"
            scope="col"
        >
          Current Period
        </th>
        <th class="MuiTableCell-root MuiTableCell-head"
            scope="col"
        >
        </th>
        <th class="MuiTableCell-root MuiTableCell-head"
            scope="col"
        >
          Previous Period
        </th>
      </tr>
    </thead>
    <tbody class="MuiTableBody-root">
      <tr class="MuiTableRow-root top: 0px;"
          colspan="6"
      >
      </tr>
    </tbody>
  </table>
</div>
`;
