// Jest Snapshot v1, https://goo.gl/fbAQLP

exports[`SummaryCard shows overview 1`] = `
<div class="MuiPaper-root MuiCard-root makeStyles-summaryCard-2 makeStyles-summaryCard-3 MuiPaper-elevation5 MuiPaper-rounded"
     style="background-color: rgb(229, 115, 115);"
     title
>
  <div class="MuiCardContent-root makeStyles-cardContent-1">
    <h6 class="MuiTypography-root MuiTypography-h6">
    </h6>
    <svg viewbox="0 0 80 50"
         width="100%"
         height="100%"
    >
      <path d="M 57.257519037455026 25.428583650351055 A 17 17 0 0 1 32.27650247009489 40.438692728952816"
            fill="none"
            stroke-width="6"
            stroke-dasharray="35.01130479500625"
            stroke-dashoffset="35.01130479500625"
            style="transition: stroke-dashoffset 500ms ease-out;"
            stroke="#FF8800"
      >
        <title>
          Flakes
        </title>
      </path>
      <path d="M 31.000076152421812 39.731158067554105 A 17 17 0 0 1 30.49144866045731 10.59190856855941"
            fill="none"
            stroke-width="6"
            stroke-dasharray="35.01130479500625"
            stroke-dashoffset="35.01130479500625"
            style="transition: stroke-dashoffset 500ms ease-out;"
            stroke="#4A934A"
      >
        <title>
          Success
        </title>
      </path>
      <path d="M 31.742404810123148 9.840258282094858 A 17 17 0 0 1 57.232048869447794 23.969398702487744"
            fill="none"
            stroke-width="6"
            stroke-dasharray="35.01130479500625"
            stroke-dashoffset="35.01130479500625"
            style="transition: stroke-dashoffset 500ms ease-out;"
            stroke="darkred"
      >
        <title>
          Fail
        </title>
      </path>
    </svg>
  </div>
</div>
`;
